------------------------------------------------------------
TimeQuest Timing Analyzer Summary
------------------------------------------------------------

Type  : Slow 1200mV 85C Model Setup 'rs232:f_rs232|TX_code:tx|check_q[0]'
Slack : -6.443
TNS   : -6.443

Type  : Slow 1200mV 85C Model Setup 'BTN[0]'
Slack : -3.436
TNS   : -158.266

Type  : Slow 1200mV 85C Model Setup 'CLK'
Slack : -2.685
TNS   : -236.194

Type  : Slow 1200mV 85C Model Setup 'rs232:f_rs232|TX_code:tx|CHECK_TIME'
Slack : -2.103
TNS   : -12.238

Type  : Slow 1200mV 85C Model Setup 'rs232:f_rs232|RX_code:rx|CHECK_TIME'
Slack : -1.571
TNS   : -9.365

Type  : Slow 1200mV 85C Model Hold 'BTN[0]'
Slack : -0.571
TNS   : -13.656

Type  : Slow 1200mV 85C Model Hold 'CLK'
Slack : -0.126
TNS   : -0.230

Type  : Slow 1200mV 85C Model Hold 'rs232:f_rs232|TX_code:tx|check_q[0]'
Slack : 0.009
TNS   : 0.000

Type  : Slow 1200mV 85C Model Hold 'rs232:f_rs232|TX_code:tx|CHECK_TIME'
Slack : 0.084
TNS   : 0.000

Type  : Slow 1200mV 85C Model Hold 'rs232:f_rs232|RX_code:rx|CHECK_TIME'
Slack : 0.382
TNS   : 0.000

Type  : Slow 1200mV 85C Model Recovery 'rs232:f_rs232|TX_code:tx|CHECK_TIME'
Slack : -2.580
TNS   : -15.368

Type  : Slow 1200mV 85C Model Recovery 'rs232:f_rs232|RX_code:rx|CHECK_TIME'
Slack : -2.501
TNS   : -14.866

Type  : Slow 1200mV 85C Model Removal 'rs232:f_rs232|RX_code:rx|CHECK_TIME'
Slack : 1.415
TNS   : 0.000

Type  : Slow 1200mV 85C Model Removal 'rs232:f_rs232|TX_code:tx|CHECK_TIME'
Slack : 1.847
TNS   : 0.000

Type  : Slow 1200mV 85C Model Minimum Pulse Width 'CLK'
Slack : -3.000
TNS   : -131.000

Type  : Slow 1200mV 85C Model Minimum Pulse Width 'BTN[0]'
Slack : -3.000
TNS   : -3.000

Type  : Slow 1200mV 85C Model Minimum Pulse Width 'rs232:f_rs232|RX_code:rx|CHECK_TIME'
Slack : -1.000
TNS   : -6.000

Type  : Slow 1200mV 85C Model Minimum Pulse Width 'rs232:f_rs232|TX_code:tx|CHECK_TIME'
Slack : -1.000
TNS   : -6.000

Type  : Slow 1200mV 85C Model Minimum Pulse Width 'rs232:f_rs232|TX_code:tx|check_q[0]'
Slack : 0.249
TNS   : 0.000

Type  : Slow 1200mV 0C Model Setup 'rs232:f_rs232|TX_code:tx|check_q[0]'
Slack : -5.791
TNS   : -5.791

Type  : Slow 1200mV 0C Model Setup 'BTN[0]'
Slack : -3.025
TNS   : -136.459

Type  : Slow 1200mV 0C Model Setup 'CLK'
Slack : -2.417
TNS   : -202.339

Type  : Slow 1200mV 0C Model Setup 'rs232:f_rs232|TX_code:tx|CHECK_TIME'
Slack : -1.839
TNS   : -10.665

Type  : Slow 1200mV 0C Model Setup 'rs232:f_rs232|RX_code:rx|CHECK_TIME'
Slack : -1.360
TNS   : -8.087

Type  : Slow 1200mV 0C Model Hold 'BTN[0]'
Slack : -0.559
TNS   : -15.587

Type  : Slow 1200mV 0C Model Hold 'CLK'
Slack : -0.121
TNS   : -0.221

Type  : Slow 1200mV 0C Model Hold 'rs232:f_rs232|TX_code:tx|check_q[0]'
Slack : 0.011
TNS   : 0.000

Type  : Slow 1200mV 0C Model Hold 'rs232:f_rs232|TX_code:tx|CHECK_TIME'
Slack : 0.068
TNS   : 0.000

Type  : Slow 1200mV 0C Model Hold 'rs232:f_rs232|RX_code:rx|CHECK_TIME'
Slack : 0.333
TNS   : 0.000

Type  : Slow 1200mV 0C Model Recovery 'rs232:f_rs232|TX_code:tx|CHECK_TIME'
Slack : -2.261
TNS   : -13.495

Type  : Slow 1200mV 0C Model Recovery 'rs232:f_rs232|RX_code:rx|CHECK_TIME'
Slack : -2.189
TNS   : -12.999

Type  : Slow 1200mV 0C Model Removal 'rs232:f_rs232|RX_code:rx|CHECK_TIME'
Slack : 1.332
TNS   : 0.000

Type  : Slow 1200mV 0C Model Removal 'rs232:f_rs232|TX_code:tx|CHECK_TIME'
Slack : 1.753
TNS   : 0.000

Type  : Slow 1200mV 0C Model Minimum Pulse Width 'CLK'
Slack : -3.000
TNS   : -131.000

Type  : Slow 1200mV 0C Model Minimum Pulse Width 'BTN[0]'
Slack : -3.000
TNS   : -3.000

Type  : Slow 1200mV 0C Model Minimum Pulse Width 'rs232:f_rs232|RX_code:rx|CHECK_TIME'
Slack : -1.000
TNS   : -6.000

Type  : Slow 1200mV 0C Model Minimum Pulse Width 'rs232:f_rs232|TX_code:tx|CHECK_TIME'
Slack : -1.000
TNS   : -6.000

Type  : Slow 1200mV 0C Model Minimum Pulse Width 'rs232:f_rs232|TX_code:tx|check_q[0]'
Slack : 0.300
TNS   : 0.000

Type  : Fast 1200mV 0C Model Setup 'rs232:f_rs232|TX_code:tx|check_q[0]'
Slack : -3.516
TNS   : -3.516

Type  : Fast 1200mV 0C Model Setup 'BTN[0]'
Slack : -1.600
TNS   : -66.461

Type  : Fast 1200mV 0C Model Setup 'CLK'
Slack : -1.131
TNS   : -78.075

Type  : Fast 1200mV 0C Model Setup 'rs232:f_rs232|TX_code:tx|CHECK_TIME'
Slack : -0.792
TNS   : -4.569

Type  : Fast 1200mV 0C Model Setup 'rs232:f_rs232|RX_code:rx|CHECK_TIME'
Slack : -0.507
TNS   : -3.017

Type  : Fast 1200mV 0C Model Hold 'BTN[0]'
Slack : -0.432
TNS   : -11.746

Type  : Fast 1200mV 0C Model Hold 'CLK'
Slack : -0.137
TNS   : -0.271

Type  : Fast 1200mV 0C Model Hold 'rs232:f_rs232|TX_code:tx|check_q[0]'
Slack : 0.017
TNS   : 0.000

Type  : Fast 1200mV 0C Model Hold 'rs232:f_rs232|TX_code:tx|CHECK_TIME'
Slack : 0.025
TNS   : 0.000

Type  : Fast 1200mV 0C Model Hold 'rs232:f_rs232|RX_code:rx|CHECK_TIME'
Slack : 0.201
TNS   : 0.000

Type  : Fast 1200mV 0C Model Recovery 'rs232:f_rs232|TX_code:tx|CHECK_TIME'
Slack : -1.222
TNS   : -7.263

Type  : Fast 1200mV 0C Model Recovery 'rs232:f_rs232|RX_code:rx|CHECK_TIME'
Slack : -1.037
TNS   : -6.147

Type  : Fast 1200mV 0C Model Removal 'rs232:f_rs232|RX_code:rx|CHECK_TIME'
Slack : 0.776
TNS   : 0.000

Type  : Fast 1200mV 0C Model Removal 'rs232:f_rs232|TX_code:tx|CHECK_TIME'
Slack : 0.987
TNS   : 0.000

Type  : Fast 1200mV 0C Model Minimum Pulse Width 'CLK'
Slack : -3.000
TNS   : -137.815

Type  : Fast 1200mV 0C Model Minimum Pulse Width 'BTN[0]'
Slack : -3.000
TNS   : -3.000

Type  : Fast 1200mV 0C Model Minimum Pulse Width 'rs232:f_rs232|RX_code:rx|CHECK_TIME'
Slack : -1.000
TNS   : -6.000

Type  : Fast 1200mV 0C Model Minimum Pulse Width 'rs232:f_rs232|TX_code:tx|CHECK_TIME'
Slack : -1.000
TNS   : -6.000

Type  : Fast 1200mV 0C Model Minimum Pulse Width 'rs232:f_rs232|TX_code:tx|check_q[0]'
Slack : 0.334
TNS   : 0.000

------------------------------------------------------------
