------------------------------------------------------------
TimeQuest Timing Analyzer Summary
------------------------------------------------------------

Type  : Slow 1200mV 85C Model Setup 'CLK'
Slack : -6.435
TNS   : -21545.052

Type  : Slow 1200mV 85C Model Setup 'rs232:f_rs232|TX_code:tx|check_q[0]'
Slack : -5.667
TNS   : -5.667

Type  : Slow 1200mV 85C Model Setup 'BTN[0]'
Slack : -4.004
TNS   : -129.886

Type  : Slow 1200mV 85C Model Setup 'rs232:f_rs232|RX_code:rx|CHECK_TIME'
Slack : -2.016
TNS   : -11.517

Type  : Slow 1200mV 85C Model Setup 'rs232:f_rs232|TX_code:tx|CHECK_TIME'
Slack : -1.649
TNS   : -9.509

Type  : Slow 1200mV 85C Model Hold 'BTN[0]'
Slack : -1.198
TNS   : -5.018

Type  : Slow 1200mV 85C Model Hold 'rs232:f_rs232|TX_code:tx|check_q[0]'
Slack : -0.680
TNS   : -0.680

Type  : Slow 1200mV 85C Model Hold 'rs232:f_rs232|TX_code:tx|CHECK_TIME'
Slack : -0.297
TNS   : -0.960

Type  : Slow 1200mV 85C Model Hold 'CLK'
Slack : -0.120
TNS   : -0.160

Type  : Slow 1200mV 85C Model Hold 'rs232:f_rs232|RX_code:rx|CHECK_TIME'
Slack : 0.382
TNS   : 0.000

Type  : Slow 1200mV 85C Model Recovery 'rs232:f_rs232|RX_code:rx|CHECK_TIME'
Slack : -3.382
TNS   : -20.092

Type  : Slow 1200mV 85C Model Recovery 'rs232:f_rs232|TX_code:tx|CHECK_TIME'
Slack : -2.334
TNS   : -13.834

Type  : Slow 1200mV 85C Model Removal 'rs232:f_rs232|TX_code:tx|CHECK_TIME'
Slack : 1.485
TNS   : 0.000

Type  : Slow 1200mV 85C Model Removal 'rs232:f_rs232|RX_code:rx|CHECK_TIME'
Slack : 2.067
TNS   : 0.000

Type  : Slow 1200mV 85C Model Minimum Pulse Width 'CLK'
Slack : -3.000
TNS   : -4251.000

Type  : Slow 1200mV 85C Model Minimum Pulse Width 'BTN[0]'
Slack : -3.000
TNS   : -3.000

Type  : Slow 1200mV 85C Model Minimum Pulse Width 'rs232:f_rs232|RX_code:rx|CHECK_TIME'
Slack : -1.000
TNS   : -6.000

Type  : Slow 1200mV 85C Model Minimum Pulse Width 'rs232:f_rs232|TX_code:tx|CHECK_TIME'
Slack : -1.000
TNS   : -6.000

Type  : Slow 1200mV 85C Model Minimum Pulse Width 'rs232:f_rs232|TX_code:tx|check_q[0]'
Slack : 0.084
TNS   : 0.000

Type  : Slow 1200mV 0C Model Setup 'CLK'
Slack : -5.716
TNS   : -19055.831

Type  : Slow 1200mV 0C Model Setup 'rs232:f_rs232|TX_code:tx|check_q[0]'
Slack : -5.143
TNS   : -5.143

Type  : Slow 1200mV 0C Model Setup 'BTN[0]'
Slack : -3.491
TNS   : -112.313

Type  : Slow 1200mV 0C Model Setup 'rs232:f_rs232|RX_code:rx|CHECK_TIME'
Slack : -1.754
TNS   : -9.990

Type  : Slow 1200mV 0C Model Setup 'rs232:f_rs232|TX_code:tx|CHECK_TIME'
Slack : -1.430
TNS   : -8.190

Type  : Slow 1200mV 0C Model Hold 'BTN[0]'
Slack : -1.138
TNS   : -5.121

Type  : Slow 1200mV 0C Model Hold 'rs232:f_rs232|TX_code:tx|check_q[0]'
Slack : -0.594
TNS   : -0.594

Type  : Slow 1200mV 0C Model Hold 'rs232:f_rs232|TX_code:tx|CHECK_TIME'
Slack : -0.293
TNS   : -0.967

Type  : Slow 1200mV 0C Model Hold 'CLK'
Slack : -0.120
TNS   : -0.162

Type  : Slow 1200mV 0C Model Hold 'rs232:f_rs232|RX_code:rx|CHECK_TIME'
Slack : 0.333
TNS   : 0.000

Type  : Slow 1200mV 0C Model Recovery 'rs232:f_rs232|RX_code:rx|CHECK_TIME'
Slack : -2.965
TNS   : -17.607

Type  : Slow 1200mV 0C Model Recovery 'rs232:f_rs232|TX_code:tx|CHECK_TIME'
Slack : -2.016
TNS   : -11.926

Type  : Slow 1200mV 0C Model Removal 'rs232:f_rs232|TX_code:tx|CHECK_TIME'
Slack : 1.407
TNS   : 0.000

Type  : Slow 1200mV 0C Model Removal 'rs232:f_rs232|RX_code:rx|CHECK_TIME'
Slack : 1.935
TNS   : 0.000

Type  : Slow 1200mV 0C Model Minimum Pulse Width 'CLK'
Slack : -3.000
TNS   : -4251.000

Type  : Slow 1200mV 0C Model Minimum Pulse Width 'BTN[0]'
Slack : -3.000
TNS   : -3.000

Type  : Slow 1200mV 0C Model Minimum Pulse Width 'rs232:f_rs232|RX_code:rx|CHECK_TIME'
Slack : -1.000
TNS   : -6.000

Type  : Slow 1200mV 0C Model Minimum Pulse Width 'rs232:f_rs232|TX_code:tx|CHECK_TIME'
Slack : -1.000
TNS   : -6.000

Type  : Slow 1200mV 0C Model Minimum Pulse Width 'rs232:f_rs232|TX_code:tx|check_q[0]'
Slack : 0.178
TNS   : 0.000

Type  : Fast 1200mV 0C Model Setup 'CLK'
Slack : -3.378
TNS   : -10698.349

Type  : Fast 1200mV 0C Model Setup 'rs232:f_rs232|TX_code:tx|check_q[0]'
Slack : -3.078
TNS   : -3.078

Type  : Fast 1200mV 0C Model Setup 'BTN[0]'
Slack : -2.070
TNS   : -55.808

Type  : Fast 1200mV 0C Model Setup 'rs232:f_rs232|RX_code:rx|CHECK_TIME'
Slack : -0.758
TNS   : -4.242

Type  : Fast 1200mV 0C Model Setup 'rs232:f_rs232|TX_code:tx|CHECK_TIME'
Slack : -0.539
TNS   : -3.099

Type  : Fast 1200mV 0C Model Hold 'BTN[0]'
Slack : -0.715
TNS   : -3.833

Type  : Fast 1200mV 0C Model Hold 'rs232:f_rs232|TX_code:tx|check_q[0]'
Slack : -0.402
TNS   : -0.402

Type  : Fast 1200mV 0C Model Hold 'rs232:f_rs232|TX_code:tx|CHECK_TIME'
Slack : -0.162
TNS   : -0.530

Type  : Fast 1200mV 0C Model Hold 'CLK'
Slack : -0.101
TNS   : -0.226

Type  : Fast 1200mV 0C Model Hold 'rs232:f_rs232|RX_code:rx|CHECK_TIME'
Slack : 0.201
TNS   : 0.000

Type  : Fast 1200mV 0C Model Recovery 'rs232:f_rs232|RX_code:rx|CHECK_TIME'
Slack : -1.560
TNS   : -9.262

Type  : Fast 1200mV 0C Model Recovery 'rs232:f_rs232|TX_code:tx|CHECK_TIME'
Slack : -1.021
TNS   : -6.041

Type  : Fast 1200mV 0C Model Removal 'rs232:f_rs232|TX_code:tx|CHECK_TIME'
Slack : 0.797
TNS   : 0.000

Type  : Fast 1200mV 0C Model Removal 'rs232:f_rs232|RX_code:rx|CHECK_TIME'
Slack : 1.162
TNS   : 0.000

Type  : Fast 1200mV 0C Model Minimum Pulse Width 'CLK'
Slack : -3.000
TNS   : -4532.431

Type  : Fast 1200mV 0C Model Minimum Pulse Width 'BTN[0]'
Slack : -3.000
TNS   : -3.000

Type  : Fast 1200mV 0C Model Minimum Pulse Width 'rs232:f_rs232|RX_code:rx|CHECK_TIME'
Slack : -1.000
TNS   : -6.000

Type  : Fast 1200mV 0C Model Minimum Pulse Width 'rs232:f_rs232|TX_code:tx|CHECK_TIME'
Slack : -1.000
TNS   : -6.000

Type  : Fast 1200mV 0C Model Minimum Pulse Width 'rs232:f_rs232|TX_code:tx|check_q[0]'
Slack : 0.214
TNS   : 0.000

------------------------------------------------------------
